// Jest Snapshot v1, https://goo.gl/fbAQLP

exports[`gets a viewer 1`] = `
Object {
  "email": "anon@scottdb.net",
  "id": "123",
  "imageUrl": "https//images.scottdb.net/image1",
  "name": "scott",
}
`;
